
--- Test 1 (User thumbnail approx) ---
Name: Logo
Job Title: Communications Manager
Company: Not Found
Email: sundarkumar@gmail.com
Phone: +91 1234567890
Address: Not Found
Website: Not Found

--- Test 2 (Standard) ---
Name: John Doe
Job Title: Software Engineer
Company: Tech Solutions Inc.
Email: john.doe@techsolutions.com
Phone: 123-4567
Address: 123 Tech Park, Silicon Valley, CA 94000
Website: www.techsolutions.com

--- Test 3 (Minimal) ---
Name: Jane Smith
Job Title: Director of Marketing
Company: Global Corp
Email: jane@global.com
Phone: +1 415 555 0199
Address: Not Found
Website: Not Found
